Copyright 1986-2022 Xilinx, Inc. All Rights Reserved. Copyright 2022-2024 Advanced Micro Devices, Inc. All Rights Reserved.
----------------------------------------------------------------------------------------------------------------------------------------------------------------
| Tool Version      : Vivado v.2024.1 (win64) Build 5076996 Wed May 22 18:37:14 MDT 2024
| Date              : Sat May  2 06:55:40 2026
| Host              : LOCALHOST running 64-bit major release  (build 9200)
| Command           : report_timing_summary -file data/impl/baseline_synth/timing_summary.rpt
| Design            : viterbi_decoder_core
| Device            : xczu4ev-sfvc784
| Speed File        : -2  PRODUCTION 1.30 05-15-2022
| Design State      : Synthesized
| Temperature Grade : I
----------------------------------------------------------------------------------------------------------------------------------------------------------------

Timing Summary Report

------------------------------------------------------------------------------------------------
| Timer Settings
| --------------
------------------------------------------------------------------------------------------------

  Enable Multi Corner Analysis               :  Yes
  Enable Pessimism Removal                   :  Yes
  Pessimism Removal Resolution               :  Nearest Common Node
  Enable Input Delay Default Clock           :  No
  Enable Preset / Clear Arcs                 :  No
  Disable Flight Delays                      :  No
  Ignore I/O Paths                           :  No
  Timing Early Launch at Borrowing Latches   :  No
  Borrow Time for Max Delay Exceptions       :  Yes
  Merge Timing Exceptions                    :  Yes
  Inter-SLR Compensation                     :  Conservative

  Corner  Analyze    Analyze    
  Name    Max Paths  Min Paths  
  ------  ---------  ---------  
  Slow    Yes        Yes        
  Fast    Yes        Yes        


------------------------------------------------------------------------------------------------
| Report Methodology
| ------------------
------------------------------------------------------------------------------------------------

No report available as report_methodology has not been run prior. Run report_methodology on the current design for the summary of methodology violations.



check_timing report

Table of Contents
-----------------
1. checking no_clock (0)
2. checking constant_clock (0)
3. checking pulse_width_clock (0)
4. checking unconstrained_internal_endpoints (0)
5. checking no_input_delay (4)
6. checking no_output_delay (11)
7. checking multiple_clock (0)
8. checking generated_clocks (0)
9. checking loops (0)
10. checking partial_input_delay (0)
11. checking partial_output_delay (0)
12. checking latch_loops (0)

1. checking no_clock (0)
------------------------
 There are 0 register/latch pins with no clock.


2. checking constant_clock (0)
------------------------------
 There are 0 register/latch pins with constant_clock.


3. checking pulse_width_clock (0)
---------------------------------
 There are 0 register/latch pins which need pulse_width check


4. checking unconstrained_internal_endpoints (0)
------------------------------------------------
 There are 0 pins that are not constrained for maximum delay.

 There are 0 pins that are not constrained for maximum delay due to constant clock.


5. checking no_input_delay (4)
------------------------------
 There are 4 input ports with no input delay specified. (HIGH)

 There are 0 input ports with no input delay but user has a false path constraint.


6. checking no_output_delay (11)
--------------------------------
 There are 11 ports with no output delay specified. (HIGH)

 There are 0 ports with no output delay but user has a false path constraint

 There are 0 ports with no output delay but with a timing clock defined on it or propagating through it


7. checking multiple_clock (0)
------------------------------
 There are 0 register/latch pins with multiple clocks.


8. checking generated_clocks (0)
--------------------------------
 There are 0 generated clocks that are not connected to a clock source.


9. checking loops (0)
---------------------
 There are 0 combinational loops in the design.


10. checking partial_input_delay (0)
------------------------------------
 There are 0 input ports with partial input delay specified.


11. checking partial_output_delay (0)
-------------------------------------
 There are 0 ports with partial output delay specified.


12. checking latch_loops (0)
----------------------------
 There are 0 combinational latch loops in the design through latch input



------------------------------------------------------------------------------------------------
| Design Timing Summary
| ---------------------
------------------------------------------------------------------------------------------------

    WNS(ns)      TNS(ns)  TNS Failing Endpoints  TNS Total Endpoints      WHS(ns)      THS(ns)  THS Failing Endpoints  THS Total Endpoints     WPWS(ns)     TPWS(ns)  TPWS Failing Endpoints  TPWS Total Endpoints  
    -------      -------  ---------------------  -------------------      -------      -------  ---------------------  -------------------     --------     --------  ----------------------  --------------------  
      6.956        0.000                      0                30637        0.026        0.000                      0                30637        4.468        0.000                       0                 15265  


All user specified timing constraints are met.


------------------------------------------------------------------------------------------------
| Clock Summary
| -------------
------------------------------------------------------------------------------------------------

Clock  Waveform(ns)       Period(ns)      Frequency(MHz)
-----  ------------       ----------      --------------
clk    {0.000 5.000}      10.000          100.000         


------------------------------------------------------------------------------------------------
| Intra Clock Table
| -----------------
------------------------------------------------------------------------------------------------

Clock             WNS(ns)      TNS(ns)  TNS Failing Endpoints  TNS Total Endpoints      WHS(ns)      THS(ns)  THS Failing Endpoints  THS Total Endpoints     WPWS(ns)     TPWS(ns)  TPWS Failing Endpoints  TPWS Total Endpoints  
-----             -------      -------  ---------------------  -------------------      -------      -------  ---------------------  -------------------     --------     --------  ----------------------  --------------------  
clk                 6.956        0.000                      0                30637        0.026        0.000                      0                30637        4.468        0.000                       0                 15265  


------------------------------------------------------------------------------------------------
| Inter Clock Table
| -----------------
------------------------------------------------------------------------------------------------

From Clock    To Clock          WNS(ns)      TNS(ns)  TNS Failing Endpoints  TNS Total Endpoints      WHS(ns)      THS(ns)  THS Failing Endpoints  THS Total Endpoints  
----------    --------          -------      -------  ---------------------  -------------------      -------      -------  ---------------------  -------------------  


------------------------------------------------------------------------------------------------
| Other Path Groups Table
| -----------------------
------------------------------------------------------------------------------------------------

Path Group    From Clock    To Clock          WNS(ns)      TNS(ns)  TNS Failing Endpoints  TNS Total Endpoints      WHS(ns)      THS(ns)  THS Failing Endpoints  THS Total Endpoints  
----------    ----------    --------          -------      -------  ---------------------  -------------------      -------      -------  ---------------------  -------------------  


------------------------------------------------------------------------------------------------
| Timing Details
| --------------
------------------------------------------------------------------------------------------------


---------------------------------------------------------------------------------------------------
From Clock:  clk
  To Clock:  clk

Setup :            0  Failing Endpoints,  Worst Slack        6.956ns,  Total Violation        0.000ns
Hold  :            0  Failing Endpoints,  Worst Slack        0.026ns,  Total Violation        0.000ns
PW    :            0  Failing Endpoints,  Worst Slack        4.468ns,  Total Violation        0.000ns
---------------------------------------------------------------------------------------------------


Max Delay Paths
--------------------------------------------------------------------------------------
Slack (MET) :             6.956ns  (required time - arrival time)
  Source:                 compute_idx_reg[0]/C
                            (rising edge-triggered cell FDRE clocked by clk  {rise@0.000ns fall@5.000ns period=10.000ns})
  Destination:            metrics_reg[0][2]/D
                            (rising edge-triggered cell FDSE clocked by clk  {rise@0.000ns fall@5.000ns period=10.000ns})
  Path Group:             clk
  Path Type:              Setup (Max at Slow Process Corner)
  Requirement:            10.000ns  (clk rise@10.000ns - clk rise@0.000ns)
  Data Path Delay:        3.026ns  (logic 0.851ns (28.123%)  route 2.175ns (71.877%))
  Logic Levels:           10  (CARRY8=1 LUT2=2 LUT3=1 LUT4=2 LUT5=3 RAMD32=1)
  Clock Path Skew:        -0.008ns (DCD - SCD + CPR)
    Destination Clock Delay (DCD):    0.020ns = ( 10.020 - 10.000 ) 
    Source Clock Delay      (SCD):    0.028ns
    Clock Pessimism Removal (CPR):    0.000ns
  Clock Uncertainty:      0.035ns  ((TSJ^2 + TIJ^2)^1/2 + DJ) / 2 + PE
    Total System Jitter     (TSJ):    0.071ns
    Total Input Jitter      (TIJ):    0.000ns
    Discrete Jitter          (DJ):    0.000ns
    Phase Error              (PE):    0.000ns

    Location             Delay type                Incr(ns)  Path(ns)    Netlist Resource(s)
  -------------------------------------------------------------------    -------------------
                         (clock clk rise edge)        0.000     0.000 r  
                                                      0.000     0.000 r  clk (IN)
                         net (fo=15264, unset)        0.028     0.028    clk
                         FDRE                                         r  compute_idx_reg[0]/C
  -------------------------------------------------------------------    -------------------
                         FDRE (Prop_FDRE_C_Q)         0.079     0.107 r  compute_idx_reg[0]/Q
                         net (fo=88, unplaced)        0.232     0.339    rx_mem_reg_r2_0_15_0_0/DPRA1
                         RAMD32 (Prop_RAMD32_RADR1_O)
                                                      0.123     0.462 r  rx_mem_reg_r2_0_15_0_0/DP/O
                         net (fo=1, unplaced)         0.143     0.605    rx_mem_reg_r2_0_15_0_0_n_0
                         LUT5 (Prop_LUT5_I1_O)        0.098     0.703 r  survivor_prev[0][32][4]_i_13/O
                         net (fo=1, unplaced)         0.137     0.840    survivor_prev[0][32][4]_i_13_n_0
                         LUT3 (Prop_LUT3_I0_O)        0.050     0.890 r  survivor_prev[0][32][4]_i_10/O
                         net (fo=156, unplaced)       0.282     1.172    survivor_prev[0][32][4]_i_10_n_0
                         LUT2 (Prop_LUT2_I1_O)        0.035     1.207 f  metrics[63][4]_i_4/O
                         net (fo=117, unplaced)       0.275     1.482    metrics[63][4]_i_4_n_0
                         LUT4 (Prop_LUT4_I2_O)        0.069     1.551 r  metrics[0][5]_i_4/O
                         net (fo=5, unplaced)         0.204     1.755    metrics[0][5]_i_4_n_0
                         LUT5 (Prop_LUT5_I1_O)        0.069     1.824 r  metrics[0][4]_i_2/O
                         net (fo=3, unplaced)         0.192     2.016    metrics[0][4]_i_2_n_0
                         LUT5 (Prop_LUT5_I4_O)        0.068     2.084 r  survivor_prev[0][0][5]_i_6/O
                         net (fo=1, unplaced)         0.204     2.288    survivor_prev[0][0][5]_i_6_n_0
                         CARRY8 (Prop_CARRY8_DI[2]_CO[4])
                                                      0.156     2.444 r  survivor_prev_reg[0][0][5]_i_2/CO[4]
                         net (fo=1, unplaced)         0.184     2.628    survivor_prev_reg[0][0][5]_i_2_n_3
                         LUT2 (Prop_LUT2_I0_O)        0.035     2.663 r  survivor_prev[0][0][5]_i_1/O
                         net (fo=112, unplaced)       0.274     2.937    compute_block.next_survivor_prev[5]
                         LUT4 (Prop_LUT4_I2_O)        0.069     3.006 r  metrics[0][2]_i_1/O
                         net (fo=1, unplaced)         0.048     3.054    metrics[0][2]_i_1_n_0
                         FDSE                                         r  metrics_reg[0][2]/D
  -------------------------------------------------------------------    -------------------

                         (clock clk rise edge)       10.000    10.000 r  
                                                      0.000    10.000 r  clk (IN)
                         net (fo=15264, unset)        0.020    10.020    clk
                         FDSE                                         r  metrics_reg[0][2]/C
                         clock pessimism              0.000    10.020    
                         clock uncertainty           -0.035     9.985    
                         FDSE (Setup_FDSE_C_D)        0.025    10.010    metrics_reg[0][2]
  -------------------------------------------------------------------
                         required time                         10.010    
                         arrival time                          -3.054    
  -------------------------------------------------------------------
                         slack                                  6.956    





Min Delay Paths
--------------------------------------------------------------------------------------
Slack (MET) :             0.026ns  (arrival time - required time)
  Source:                 load_idx_reg[2]/C
                            (rising edge-triggered cell FDRE clocked by clk  {rise@0.000ns fall@5.000ns period=10.000ns})
  Destination:            rx_mem_reg_r1_0_127_0_0/DP.HIGH/WADR2
                            (rising edge-triggered cell RAMD64E clocked by clk  {rise@0.000ns fall@5.000ns period=10.000ns})
  Path Group:             clk
  Path Type:              Hold (Min at Fast Process Corner)
  Requirement:            0.000ns  (clk rise@0.000ns - clk rise@0.000ns)
  Data Path Delay:        0.115ns  (logic 0.039ns (33.913%)  route 0.076ns (66.087%))
  Logic Levels:           0  
  Clock Path Skew:        0.027ns (DCD - SCD - CPR)
    Destination Clock Delay (DCD):    0.039ns
    Source Clock Delay      (SCD):    0.012ns
    Clock Pessimism Removal (CPR):    -0.000ns

    Location             Delay type                Incr(ns)  Path(ns)    Netlist Resource(s)
  -------------------------------------------------------------------    -------------------
                         (clock clk rise edge)        0.000     0.000 r  
                                                      0.000     0.000 r  clk (IN)
                         net (fo=15264, unset)        0.012     0.012    clk
                         FDRE                                         r  load_idx_reg[2]/C
  -------------------------------------------------------------------    -------------------
                         FDRE (Prop_FDRE_C_Q)         0.039     0.051 r  load_idx_reg[2]/Q
                         net (fo=26, unplaced)        0.076     0.127    rx_mem_reg_r1_0_127_0_0/A2
                         RAMD64E                                      r  rx_mem_reg_r1_0_127_0_0/DP.HIGH/WADR2
  -------------------------------------------------------------------    -------------------

                         (clock clk rise edge)        0.000     0.000 r  
                                                      0.000     0.000 r  clk (IN)
                         net (fo=15264, unset)        0.039     0.039    rx_mem_reg_r1_0_127_0_0/WCLK
                         RAMD64E                                      r  rx_mem_reg_r1_0_127_0_0/DP.HIGH/CLK
                         clock pessimism              0.000     0.039    
                         RAMD64E (Hold_RAMD64E_CLK_WADR2)
                                                      0.062     0.101    rx_mem_reg_r1_0_127_0_0/DP.HIGH
  -------------------------------------------------------------------
                         required time                         -0.101    
                         arrival time                           0.127    
  -------------------------------------------------------------------
                         slack                                  0.026    





Pulse Width Checks
--------------------------------------------------------------------------------------
Clock Name:         clk
Waveform(ns):       { 0.000 5.000 }
Period(ns):         10.000
Sources:            { clk }

Check Type        Corner  Lib Pin     Reference Pin  Required(ns)  Actual(ns)  Slack(ns)  Location  Pin
Min Period        n/a     RAMD32/CLK  n/a            1.064         10.000      8.936                decoded_mem_reg_0_15_0_0/DP/CLK
Low Pulse Width   Slow    RAMD32/CLK  n/a            0.532         5.000       4.468                decoded_mem_reg_0_15_0_0/DP/CLK
High Pulse Width  Slow    RAMD32/CLK  n/a            0.532         5.000       4.468                decoded_mem_reg_0_15_0_0/DP/CLK
