Copyright 1986-2022 Xilinx, Inc. All Rights Reserved. Copyright 2022-2024 Advanced Micro Devices, Inc. All Rights Reserved.
-----------------------------------------------------------------------------------------------------------------------------------------------------------
| Tool Version      : Vivado v.2024.1 (win64) Build 5076996 Wed May 22 18:37:14 MDT 2024
| Date              : Sat May  2 07:04:36 2026
| Host              : AIALRA-PORTABLE running 64-bit major release  (build 9200)
| Command           : report_timing_summary -file C:/Users/AIALRA-PORTABLE/Desktop/Vertebi/viterbi_startup_pack/src/data/impl/hero_impl/timing_summary.rpt
| Design            : viterbi_decoder_core_soft3
| Device            : xczu4ev-sfvc784
| Speed File        : -2  PRODUCTION 1.30 05-15-2022
| Design State      : Routed
| Temperature Grade : I
-----------------------------------------------------------------------------------------------------------------------------------------------------------

Timing Summary Report

------------------------------------------------------------------------------------------------
| Timer Settings
| --------------
------------------------------------------------------------------------------------------------

  Enable Multi Corner Analysis               :  Yes
  Enable Pessimism Removal                   :  Yes
  Pessimism Removal Resolution               :  Nearest Common Node
  Enable Input Delay Default Clock           :  No
  Enable Preset / Clear Arcs                 :  No
  Disable Flight Delays                      :  No
  Ignore I/O Paths                           :  No
  Timing Early Launch at Borrowing Latches   :  No
  Borrow Time for Max Delay Exceptions       :  Yes
  Merge Timing Exceptions                    :  Yes
  Inter-SLR Compensation                     :  Conservative

  Corner  Analyze    Analyze    
  Name    Max Paths  Min Paths  
  ------  ---------  ---------  
  Slow    Yes        Yes        
  Fast    Yes        Yes        


------------------------------------------------------------------------------------------------
| Report Methodology
| ------------------
------------------------------------------------------------------------------------------------

No report available as report_methodology has not been run prior. Run report_methodology on the current design for the summary of methodology violations.



check_timing report

Table of Contents
-----------------
1. checking no_clock (0)
2. checking constant_clock (0)
3. checking pulse_width_clock (0)
4. checking unconstrained_internal_endpoints (0)
5. checking no_input_delay (6)
6. checking no_output_delay (11)
7. checking multiple_clock (0)
8. checking generated_clocks (0)
9. checking loops (0)
10. checking partial_input_delay (0)
11. checking partial_output_delay (0)
12. checking latch_loops (0)

1. checking no_clock (0)
------------------------
 There are 0 register/latch pins with no clock.


2. checking constant_clock (0)
------------------------------
 There are 0 register/latch pins with constant_clock.


3. checking pulse_width_clock (0)
---------------------------------
 There are 0 register/latch pins which need pulse_width check


4. checking unconstrained_internal_endpoints (0)
------------------------------------------------
 There are 0 pins that are not constrained for maximum delay.

 There are 0 pins that are not constrained for maximum delay due to constant clock.


5. checking no_input_delay (6)
------------------------------
 There are 6 input ports with no input delay specified. (HIGH)

 There are 0 input ports with no input delay but user has a false path constraint.


6. checking no_output_delay (11)
--------------------------------
 There are 11 ports with no output delay specified. (HIGH)

 There are 0 ports with no output delay but user has a false path constraint

 There are 0 ports with no output delay but with a timing clock defined on it or propagating through it


7. checking multiple_clock (0)
------------------------------
 There are 0 register/latch pins with multiple clocks.


8. checking generated_clocks (0)
--------------------------------
 There are 0 generated clocks that are not connected to a clock source.


9. checking loops (0)
---------------------
 There are 0 combinational loops in the design.


10. checking partial_input_delay (0)
------------------------------------
 There are 0 input ports with partial input delay specified.


11. checking partial_output_delay (0)
-------------------------------------
 There are 0 ports with partial output delay specified.


12. checking latch_loops (0)
----------------------------
 There are 0 combinational latch loops in the design through latch input



------------------------------------------------------------------------------------------------
| Design Timing Summary
| ---------------------
------------------------------------------------------------------------------------------------

    WNS(ns)      TNS(ns)  TNS Failing Endpoints  TNS Total Endpoints      WHS(ns)      THS(ns)  THS Failing Endpoints  THS Total Endpoints     WPWS(ns)     TPWS(ns)  TPWS Failing Endpoints  TPWS Total Endpoints  
    -------      -------  ---------------------  -------------------      -------      -------  ---------------------  -------------------     --------     --------  ----------------------  --------------------  
    -20.433   -16272.939                   1768                34499        0.081        0.000                      0                34499        4.468        0.000                       0                 17156  


Timing constraints are not met.


------------------------------------------------------------------------------------------------
| Clock Summary
| -------------
------------------------------------------------------------------------------------------------

Clock  Waveform(ns)       Period(ns)      Frequency(MHz)
-----  ------------       ----------      --------------
clk    {0.000 5.000}      10.000          100.000         


------------------------------------------------------------------------------------------------
| Intra Clock Table
| -----------------
------------------------------------------------------------------------------------------------

Clock             WNS(ns)      TNS(ns)  TNS Failing Endpoints  TNS Total Endpoints      WHS(ns)      THS(ns)  THS Failing Endpoints  THS Total Endpoints     WPWS(ns)     TPWS(ns)  TPWS Failing Endpoints  TPWS Total Endpoints  
-----             -------      -------  ---------------------  -------------------      -------      -------  ---------------------  -------------------     --------     --------  ----------------------  --------------------  
clk               -20.433   -16272.939                   1768                34499        0.081        0.000                      0                34499        4.468        0.000                       0                 17156  


------------------------------------------------------------------------------------------------
| Inter Clock Table
| -----------------
------------------------------------------------------------------------------------------------

From Clock    To Clock          WNS(ns)      TNS(ns)  TNS Failing Endpoints  TNS Total Endpoints      WHS(ns)      THS(ns)  THS Failing Endpoints  THS Total Endpoints  
----------    --------          -------      -------  ---------------------  -------------------      -------      -------  ---------------------  -------------------  


------------------------------------------------------------------------------------------------
| Other Path Groups Table
| -----------------------
------------------------------------------------------------------------------------------------

Path Group    From Clock    To Clock          WNS(ns)      TNS(ns)  TNS Failing Endpoints  TNS Total Endpoints      WHS(ns)      THS(ns)  THS Failing Endpoints  THS Total Endpoints  
----------    ----------    --------          -------      -------  ---------------------  -------------------      -------      -------  ---------------------  -------------------  


------------------------------------------------------------------------------------------------
| Timing Details
| --------------
------------------------------------------------------------------------------------------------


---------------------------------------------------------------------------------------------------
From Clock:  clk
  To Clock:  clk

Setup :         1768  Failing Endpoints,  Worst Slack      -20.433ns,  Total Violation   -16272.939ns
Hold  :            0  Failing Endpoints,  Worst Slack        0.081ns,  Total Violation        0.000ns
PW    :            0  Failing Endpoints,  Worst Slack        4.468ns,  Total Violation        0.000ns
---------------------------------------------------------------------------------------------------


Max Delay Paths
--------------------------------------------------------------------------------------
Slack (VIOLATED) :        -20.433ns  (required time - arrival time)
  Source:                 compute_idx_reg[4]/C
                            (rising edge-triggered cell FDRE clocked by clk  {rise@0.000ns fall@5.000ns period=10.000ns})
  Destination:            metrics_reg[47][10]/D
                            (rising edge-triggered cell FDSE clocked by clk  {rise@0.000ns fall@5.000ns period=10.000ns})
  Path Group:             clk
  Path Type:              Setup (Max at Slow Process Corner)
  Requirement:            10.000ns  (clk rise@10.000ns - clk rise@0.000ns)
  Data Path Delay:        30.415ns  (logic 13.839ns (45.501%)  route 16.576ns (54.499%))
  Logic Levels:           116  (CARRY8=35 LUT2=3 LUT3=5 LUT4=32 LUT5=3 LUT6=37 RAMD64E=1)
  Clock Path Skew:        -0.008ns (DCD - SCD + CPR)
    Destination Clock Delay (DCD):    0.020ns = ( 10.020 - 10.000 ) 
    Source Clock Delay      (SCD):    0.028ns
    Clock Pessimism Removal (CPR):    0.000ns
  Clock Uncertainty:      0.035ns  ((TSJ^2 + TIJ^2)^1/2 + DJ) / 2 + PE
    Total System Jitter     (TSJ):    0.071ns
    Total Input Jitter      (TIJ):    0.000ns
    Discrete Jitter          (DJ):    0.000ns
    Phase Error              (PE):    0.000ns

    Location             Delay type                Incr(ns)  Path(ns)    Netlist Resource(s)
  -------------------------------------------------------------------    -------------------
                         (clock clk rise edge)        0.000     0.000 r  
                                                      0.000     0.000 r  clk (IN)
                         net (fo=17155, unset)        0.028     0.028    clk
    SLICE_X55Y74         FDRE                                         r  compute_idx_reg[4]/C
  -------------------------------------------------------------------    -------------------
    SLICE_X55Y74         FDRE (Prop_CFF_SLICEL_C_Q)
                                                      0.079     0.107 r  compute_idx_reg[4]/Q
                         net (fo=52, routed)          0.321     0.428    rx_mem_reg_r1_128_191_0_2/ADDRA5
    SLICE_X54Y72         RAMD64E (Prop_E6LUT_SLICEM_RADR5_O)
                                                      0.037     0.465 r  rx_mem_reg_r1_128_191_0_2/RAMA/O
                         net (fo=3, routed)           0.216     0.681    rx_mem_reg_r1_128_191_0_2_n_0
    SLICE_X55Y74         LUT6 (Prop_E6LUT_SLICEL_I1_O)
                                                      0.147     0.828 r  survivor_prev[0][7][1]_i_5/O
                         net (fo=139, routed)         0.327     1.154    survivor_prev[0][7][1]_i_5_n_0
    SLICE_X53Y71         LUT3 (Prop_F6LUT_SLICEM_I0_O)
                                                      0.037     1.191 f  survivor_prev[0][0][5]_i_45/O
                         net (fo=1, routed)           0.085     1.276    survivor_prev[0][0][5]_i_45_n_0
    SLICE_X53Y72         LUT6 (Prop_E6LUT_SLICEM_I1_O)
                                                      0.091     1.367 r  survivor_prev[0][0][5]_i_31/O
                         net (fo=6, routed)           0.173     1.540    survivor_prev[0][0][5]_i_31_n_0
    SLICE_X53Y76         LUT5 (Prop_F6LUT_SLICEM_I1_O)
                                                      0.148     1.688 f  survivor_prev[0][0][5]_i_22/O
                         net (fo=2, routed)           0.107     1.795    survivor_prev[0][0][5]_i_22_n_0
    SLICE_X53Y76         LUT6 (Prop_C6LUT_SLICEM_I1_O)
                                                      0.145     1.940 r  survivor_prev[0][0][5]_i_6/O
                         net (fo=1, routed)           0.154     2.094    survivor_prev[0][0][5]_i_6_n_0
    SLICE_X52Y77         CARRY8 (Prop_CARRY8_SLICEL_DI[2]_CO[5])
                                                      0.143     2.237 r  survivor_prev_reg[0][0][5]_i_2/CO[5]
                         net (fo=6, routed)           0.196     2.433    survivor_prev_reg[0][0][5]_i_2_n_2
    SLICE_X52Y76         LUT2 (Prop_F6LUT_SLICEL_I0_O)
                                                      0.049     2.482 r  survivor_prev[0][0][5]_i_1/O
                         net (fo=124, routed)         0.267     2.749    compute_block.next_survivor_prev[5]
    SLICE_X52Y77         LUT3 (Prop_H5LUT_SLICEL_I1_O)
                                                      0.109     2.858 r  metrics[0][11]_i_17/O
                         net (fo=4, routed)           0.131     2.989    metrics[0][11]_i_17_n_0
    SLICE_X53Y77         LUT4 (Prop_B6LUT_SLICEM_I2_O)
                                                      0.125     3.114 r  metrics[21][11]_i_811/O
                         net (fo=1, routed)           0.016     3.130    metrics[21][11]_i_811_n_0
    SLICE_X53Y77         CARRY8 (Prop_CARRY8_SLICEM_S[1]_CO[5])
                                                      0.199     3.329 r  metrics_reg[21][11]_i_760/CO[5]
                         net (fo=29, routed)          0.219     3.547    metrics_reg[21][11]_i_760_n_2
    SLICE_X53Y79         LUT3 (Prop_H6LUT_SLICEM_I1_O)
                                                      0.053     3.600 r  metrics[21][7]_i_825/O
                         net (fo=4, routed)           0.187     3.788    metrics[21][7]_i_825_n_0
    SLICE_X54Y80         LUT6 (Prop_F6LUT_SLICEM_I4_O)
                                                      0.148     3.936 r  metrics[21][7]_i_793/O
                         net (fo=1, routed)           0.022     3.958    metrics[21][7]_i_793_n_0
    SLICE_X54Y80         CARRY8 (Prop_CARRY8_SLICEM_S[5]_CO[5])
                                                      0.105     4.063 r  metrics_reg[21][7]_i_725/CO[5]
                         net (fo=34, routed)          0.223     4.286    p_2_out__0
    SLICE_X55Y81         LUT5 (Prop_A6LUT_SLICEL_I0_O)
                                                      0.098     4.384 r  metrics[28][11]_i_95/O
                         net (fo=2, routed)           0.090     4.474    metrics[28][11]_i_95_n_0
    SLICE_X55Y81         LUT6 (Prop_E6LUT_SLICEL_I0_O)
                                                      0.035     4.509 r  metrics[28][11]_i_92/O
                         net (fo=5, routed)           0.118     4.627    metrics[28][11]_i_92_n_0
    SLICE_X57Y81         LUT4 (Prop_F6LUT_SLICEL_I2_O)
                                                      0.148     4.775 r  metrics[21][11]_i_795/O
                         net (fo=1, routed)           0.011     4.786    metrics[21][11]_i_795_n_0
    SLICE_X57Y81         CARRY8 (Prop_CARRY8_SLICEL_S[5]_CO[5])
                                                      0.101     4.887 r  metrics_reg[21][11]_i_759/CO[5]
                         net (fo=11, routed)          0.153     5.040    metrics_reg[21][11]_i_759_n_2
    SLICE_X56Y81         LUT2 (Prop_A6LUT_SLICEL_I0_O)
                                                      0.090     5.130 r  metrics[21][7]_i_773/O
                         net (fo=3, routed)           0.064     5.194    metrics[21][7]_i_773_n_0
    SLICE_X56Y81         LUT6 (Prop_F6LUT_SLICEL_I2_O)
                                                      0.148     5.342 f  metrics[21][7]_i_766/O
                         net (fo=1, routed)           0.040     5.382    metrics[21][7]_i_766_n_0
    SLICE_X56Y81         LUT6 (Prop_G6LUT_SLICEL_I5_O)
                                                      0.050     5.432 r  metrics[21][7]_i_716/O
                         net (fo=5, routed)           0.286     5.718    metrics[21][7]_i_716_n_0
    SLICE_X53Y82         LUT4 (Prop_D6LUT_SLICEM_I1_O)
                                                      0.122     5.840 r  metrics[21][7]_i_760/O
                         net (fo=1, routed)           0.025     5.865    metrics[21][7]_i_760_n_0
    SLICE_X53Y82         CARRY8 (Prop_CARRY8_SLICEM_S[3]_CO[5])
                                                      0.146     6.011 r  metrics_reg[21][7]_i_703/CO[5]
                         net (fo=15, routed)          0.263     6.274    metrics_reg[21][7]_i_703_n_2
    SLICE_X52Y84         LUT5 (Prop_F6LUT_SLICEL_I0_O)
                                                      0.049     6.323 r  metrics[21][11]_i_754/O
                         net (fo=1, routed)           0.046     6.369    metrics[21][11]_i_754_n_0
    SLICE_X52Y84         LUT6 (Prop_H6LUT_SLICEL_I5_O)
                                                      0.124     6.493 r  metrics[21][11]_i_748/O
                         net (fo=5, routed)           0.216     6.709    metrics[21][11]_i_748_n_0
    SLICE_X51Y83         LUT4 (Prop_E6LUT_SLICEL_I1_O)
                                                      0.090     6.799 r  metrics[21][7]_i_711/O
                         net (fo=1, routed)           0.007     6.806    metrics[21][7]_i_711_n_0
    SLICE_X51Y83         CARRY8 (Prop_CARRY8_SLICEL_S[4]_O[6])
                                                      0.126     6.932 r  metrics_reg[21][7]_i_667/O[6]
                         net (fo=13, routed)          0.145     7.077    metrics_reg[21][7]_i_667_n_9
    SLICE_X51Y85         LUT6 (Prop_A6LUT_SLICEL_I4_O)
                                                      0.050     7.127 r  metrics[21][7]_i_671/O
                         net (fo=5, routed)           0.453     7.580    metrics[21][7]_i_671_n_0
    SLICE_X48Y85         LUT4 (Prop_B6LUT_SLICEL_I1_O)
                                                      0.090     7.670 r  metrics[21][7]_i_662/O
                         net (fo=1, routed)           0.009     7.679    metrics[21][7]_i_662_n_0
    SLICE_X48Y85         CARRY8 (Prop_CARRY8_SLICEL_S[1]_CO[5])
                                                      0.195     7.874 r  metrics_reg[21][7]_i_619/CO[5]
                         net (fo=12, routed)          0.194     8.068    metrics_reg[21][7]_i_619_n_2
    SLICE_X47Y85         LUT6 (Prop_G6LUT_SLICEL_I4_O)
                                                      0.089     8.157 r  metrics[21][7]_i_624/O
                         net (fo=5, routed)           0.100     8.257    metrics[21][7]_i_624_n_0
    SLICE_X47Y84         LUT4 (Prop_B6LUT_SLICEL_I1_O)
                                                      0.124     8.381 r  metrics[21][7]_i_615/O
                         net (fo=1, routed)           0.009     8.390    metrics[21][7]_i_615_n_0
    SLICE_X47Y84         CARRY8 (Prop_CARRY8_SLICEL_S[1]_CO[5])
                                                      0.195     8.585 r  metrics_reg[21][7]_i_572/CO[5]
                         net (fo=12, routed)          0.230     8.816    metrics_reg[21][7]_i_572_n_2
    SLICE_X46Y84         LUT6 (Prop_A6LUT_SLICEL_I3_O)
                                                      0.098     8.914 r  metrics[21][7]_i_579/O
                         net (fo=5, routed)           0.150     9.064    metrics[21][7]_i_579_n_0
    SLICE_X45Y83         LUT4 (Prop_A6LUT_SLICEM_I1_O)
                                                      0.125     9.189 r  metrics[21][7]_i_557/O
                         net (fo=1, routed)           0.013     9.202    metrics[21][7]_i_557_n_0
    SLICE_X45Y83         CARRY8 (Prop_CARRY8_SLICEM_S[0]_CO[5])
                                                      0.201     9.403 r  metrics_reg[21][7]_i_524/CO[5]
                         net (fo=12, routed)          0.212     9.614    metrics_reg[21][7]_i_524_n_2
    SLICE_X44Y84         LUT6 (Prop_A6LUT_SLICEL_I2_O)
                                                      0.090     9.704 r  metrics[21][7]_i_531/O
                         net (fo=5, routed)           0.241     9.946    metrics[21][7]_i_531_n_0
    SLICE_X44Y86         LUT4 (Prop_B6LUT_SLICEL_I2_O)
                                                      0.051     9.997 r  metrics[21][7]_i_521/O
                         net (fo=1, routed)           0.009    10.006    metrics[21][7]_i_521_n_0
    SLICE_X44Y86         CARRY8 (Prop_CARRY8_SLICEL_S[1]_CO[5])
                                                      0.195    10.201 r  metrics_reg[21][7]_i_466/CO[5]
                         net (fo=12, routed)          0.178    10.378    metrics_reg[21][7]_i_466_n_2
    SLICE_X44Y84         LUT6 (Prop_F6LUT_SLICEL_I4_O)
                                                      0.148    10.526 r  metrics[21][7]_i_481/O
                         net (fo=5, routed)           0.276    10.802    metrics[21][7]_i_481_n_0
    SLICE_X43Y85         LUT4 (Prop_C6LUT_SLICEM_I1_O)
                                                      0.098    10.900 r  metrics[21][7]_i_461/O
                         net (fo=1, routed)           0.021    10.921    metrics[21][7]_i_461_n_0
    SLICE_X43Y85         CARRY8 (Prop_CARRY8_SLICEM_S[2]_CO[5])
                                                      0.162    11.083 r  metrics_reg[21][7]_i_418/CO[5]
                         net (fo=12, routed)          0.178    11.261    metrics_reg[21][7]_i_418_n_2
    SLICE_X43Y83         LUT6 (Prop_E6LUT_SLICEM_I2_O)
                                                      0.148    11.409 r  metrics[21][7]_i_436/O
                         net (fo=5, routed)           0.146    11.555    metrics[21][7]_i_436_n_0
    SLICE_X42Y83         LUT4 (Prop_B6LUT_SLICEL_I2_O)
                                                      0.090    11.645 r  metrics[21][7]_i_415/O
                         net (fo=1, routed)           0.009    11.654    metrics[21][7]_i_415_n_0
    SLICE_X42Y83         CARRY8 (Prop_CARRY8_SLICEL_S[1]_CO[5])
                                                      0.195    11.849 r  metrics_reg[21][7]_i_371/CO[5]
                         net (fo=12, routed)          0.226    12.076    metrics_reg[21][7]_i_371_n_2
    SLICE_X41Y84         LUT6 (Prop_F6LUT_SLICEM_I2_O)
                                                      0.148    12.224 r  metrics[21][7]_i_389/O
                         net (fo=5, routed)           0.146    12.369    metrics[21][7]_i_389_n_0
    SLICE_X42Y86         LUT4 (Prop_B6LUT_SLICEL_I3_O)
                                                      0.124    12.493 r  metrics[21][7]_i_384/O
                         net (fo=1, routed)           0.009    12.502    metrics[21][7]_i_384_n_0
    SLICE_X42Y86         CARRY8 (Prop_CARRY8_SLICEL_S[1]_O[6])
                                                      0.220    12.722 r  metrics_reg[21][7]_i_338/O[6]
                         net (fo=12, routed)          0.136    12.858    metrics_reg[21][7]_i_338_n_9
    SLICE_X41Y86         LUT6 (Prop_F6LUT_SLICEM_I4_O)
                                                      0.037    12.895 r  metrics[21][7]_i_342/O
                         net (fo=5, routed)           0.128    13.023    metrics[21][7]_i_342_n_0
    SLICE_X40Y86         LUT4 (Prop_B6LUT_SLICEM_I1_O)
                                                      0.149    13.172 r  metrics[21][7]_i_321/O
                         net (fo=1, routed)           0.016    13.188    metrics[21][7]_i_321_n_0
    SLICE_X40Y86         CARRY8 (Prop_CARRY8_SLICEM_S[1]_CO[5])
                                                      0.199    13.387 r  metrics_reg[21][7]_i_261/CO[5]
                         net (fo=19, routed)          0.172    13.559    metrics_reg[21][7]_i_261_n_2
    SLICE_X40Y84         LUT6 (Prop_H6LUT_SLICEM_I2_O)
                                                      0.125    13.684 r  metrics[21][7]_i_235/O
                         net (fo=5, routed)           0.143    13.828    metrics[21][7]_i_235_n_0
    SLICE_X39Y85         LUT4 (Prop_D6LUT_SLICEL_I1_O)
                                                      0.122    13.950 r  metrics[21][7]_i_284/O
                         net (fo=1, routed)           0.009    13.959    metrics[21][7]_i_284_n_0
    SLICE_X39Y85         CARRY8 (Prop_CARRY8_SLICEL_S[3]_CO[5])
                                                      0.142    14.101 r  metrics_reg[21][7]_i_237/CO[5]
                         net (fo=15, routed)          0.270    14.371    metrics_reg[21][7]_i_237_n_2
    SLICE_X40Y83         LUT6 (Prop_G6LUT_SLICEM_I2_O)
                                                      0.150    14.521 r  metrics[21][7]_i_240/O
                         net (fo=5, routed)           0.105    14.626    metrics[21][7]_i_240_n_0
    SLICE_X40Y82         LUT4 (Prop_C6LUT_SLICEM_I0_O)
                                                      0.123    14.749 r  metrics[21][7]_i_231/O
                         net (fo=1, routed)           0.021    14.770    metrics[21][7]_i_231_n_0
    SLICE_X40Y82         CARRY8 (Prop_CARRY8_SLICEM_S[2]_CO[5])
                                                      0.162    14.932 r  metrics_reg[21][7]_i_184/CO[5]
                         net (fo=15, routed)          0.269    15.201    metrics_reg[21][7]_i_184_n_2
    SLICE_X39Y82         LUT6 (Prop_F6LUT_SLICEL_I4_O)
                                                      0.035    15.236 r  metrics[21][7]_i_196/O
                         net (fo=5, routed)           0.103    15.339    metrics[21][7]_i_196_n_0
    SLICE_X39Y81         LUT4 (Prop_A6LUT_SLICEL_I3_O)
                                                      0.149    15.488 r  metrics[21][11]_i_721/O
                         net (fo=1, routed)           0.009    15.497    metrics[21][11]_i_721_n_0
    SLICE_X39Y81         CARRY8 (Prop_CARRY8_SLICEL_S[0]_CO[5])
                                                      0.199    15.696 r  metrics_reg[21][11]_i_682/CO[5]
                         net (fo=18, routed)          0.205    15.901    metrics_reg[21][11]_i_682_n_2
    SLICE_X38Y81         LUT6 (Prop_E6LUT_SLICEM_I5_O)
                                                      0.100    16.001 r  metrics[21][7]_i_166/O
                         net (fo=5, routed)           0.212    16.213    metrics[21][7]_i_166_n_0
    SLICE_X37Y84         LUT4 (Prop_B6LUT_SLICEM_I1_O)
                                                      0.052    16.265 r  metrics[21][7]_i_159/O
                         net (fo=1, routed)           0.016    16.281    metrics[21][7]_i_159_n_0
    SLICE_X37Y84         CARRY8 (Prop_CARRY8_SLICEM_S[1]_CO[5])
                                                      0.199    16.480 r  metrics_reg[21][7]_i_135/CO[5]
                         net (fo=18, routed)          0.319    16.799    metrics_reg[21][7]_i_135_n_2
    SLICE_X37Y83         LUT6 (Prop_G6LUT_SLICEM_I5_O)
                                                      0.150    16.949 r  metrics[21][7]_i_140/O
                         net (fo=5, routed)           0.144    17.093    metrics[21][7]_i_140_n_0
    SLICE_X36Y82         LUT4 (Prop_C6LUT_SLICEL_I1_O)
                                                      0.050    17.143 r  metrics[21][11]_i_645/O
                         net (fo=1, routed)           0.010    17.153    metrics[21][11]_i_645_n_0
    SLICE_X36Y82         CARRY8 (Prop_CARRY8_SLICEL_S[2]_CO[5])
                                                      0.158    17.311 f  metrics_reg[21][11]_i_616/CO[5]
                         net (fo=18, routed)          0.144    17.455    metrics_reg[21][11]_i_616_n_2
    SLICE_X36Y82         LUT4 (Prop_H6LUT_SLICEL_I0_O)
                                                      0.036    17.491 f  metrics[21][7]_i_138/O
                         net (fo=1, routed)           0.094    17.585    metrics[21][7]_i_138_n_0
    SLICE_X36Y81         LUT6 (Prop_C6LUT_SLICEL_I5_O)
                                                      0.123    17.708 r  metrics[21][7]_i_126/O
                         net (fo=5, routed)           0.200    17.909    metrics[21][7]_i_126_n_0
    SLICE_X37Y80         LUT4 (Prop_D6LUT_SLICEM_I3_O)
                                                      0.051    17.960 r  metrics[21][11]_i_599/O
                         net (fo=1, routed)           0.025    17.985    metrics[21][11]_i_599_n_0
    SLICE_X37Y80         CARRY8 (Prop_CARRY8_SLICEM_S[3]_CO[5])
                                                      0.146    18.131 r  metrics_reg[21][11]_i_570/CO[5]
                         net (fo=18, routed)          0.217    18.348    metrics_reg[21][11]_i_570_n_2
    SLICE_X38Y80         LUT4 (Prop_A6LUT_SLICEM_I0_O)
                                                      0.038    18.386 r  metrics[21][7]_i_123/O
                         net (fo=3, routed)           0.180    18.566    metrics[21][7]_i_123_n_0
    SLICE_X38Y78         LUT6 (Prop_G6LUT_SLICEM_I4_O)
                                                      0.100    18.666 f  metrics[21][11]_i_577/O
                         net (fo=1, routed)           0.091    18.757    metrics[21][11]_i_577_n_0
    SLICE_X38Y78         LUT3 (Prop_D6LUT_SLICEM_I2_O)
                                                      0.088    18.845 r  metrics[21][11]_i_553/O
                         net (fo=1, routed)           0.025    18.870    metrics[21][11]_i_553_n_0
    SLICE_X38Y78         CARRY8 (Prop_CARRY8_SLICEM_S[3]_CO[5])
                                                      0.146    19.016 r  metrics_reg[21][11]_i_525/CO[5]
                         net (fo=16, routed)          0.180    19.196    metrics_reg[21][11]_i_525_n_2
    SLICE_X37Y77         LUT6 (Prop_E6LUT_SLICEM_I5_O)
                                                      0.100    19.296 r  metrics[21][7]_i_114/O
                         net (fo=5, routed)           0.251    19.548    metrics[21][7]_i_114_n_0
    SLICE_X36Y76         LUT4 (Prop_A6LUT_SLICEL_I2_O)
                                                      0.090    19.638 r  metrics[21][11]_i_523/O
                         net (fo=1, routed)           0.009    19.647    metrics[21][11]_i_523_n_0
    SLICE_X36Y76         CARRY8 (Prop_CARRY8_SLICEL_S[0]_CO[5])
                                                      0.199    19.846 r  metrics_reg[21][11]_i_482/CO[5]
                         net (fo=15, routed)          0.253    20.098    metrics_reg[21][11]_i_482_n_2
    SLICE_X35Y77         LUT6 (Prop_D6LUT_SLICEM_I4_O)
                                                      0.088    20.186 r  metrics[21][11]_i_485/O
                         net (fo=4, routed)           0.150    20.336    metrics[21][11]_i_485_n_0
    SLICE_X35Y75         LUT4 (Prop_F6LUT_SLICEM_I0_O)
                                                      0.098    20.434 r  metrics[21][11]_i_462/O
                         net (fo=1, routed)           0.022    20.456    metrics[21][11]_i_462_n_0
    SLICE_X35Y75         CARRY8 (Prop_CARRY8_SLICEM_S[5]_CO[5])
                                                      0.105    20.561 r  metrics_reg[21][11]_i_428/CO[5]
                         net (fo=12, routed)          0.204    20.766    metrics_reg[21][11]_i_428_n_2
    SLICE_X36Y74         LUT6 (Prop_E6LUT_SLICEL_I2_O)
                                                      0.123    20.889 r  metrics[21][7]_i_98/O
                         net (fo=5, routed)           0.142    21.031    metrics[21][7]_i_98_n_0
    SLICE_X35Y74         LUT4 (Prop_A6LUT_SLICEM_I0_O)
                                                      0.090    21.121 r  metrics[21][11]_i_426/O
                         net (fo=1, routed)           0.013    21.134    metrics[21][11]_i_426_n_0
    SLICE_X35Y74         CARRY8 (Prop_CARRY8_SLICEM_S[0]_CO[5])
                                                      0.201    21.335 r  metrics_reg[21][11]_i_363/CO[5]
                         net (fo=12, routed)          0.249    21.584    metrics_reg[21][11]_i_363_n_2
    SLICE_X37Y72         LUT6 (Prop_A6LUT_SLICEM_I2_O)
                                                      0.038    21.622 r  metrics[21][7]_i_88/O
                         net (fo=5, routed)           0.202    21.824    metrics[21][7]_i_88_n_0
    SLICE_X37Y76         LUT4 (Prop_B6LUT_SLICEM_I1_O)
                                                      0.089    21.913 r  metrics[21][11]_i_388/O
                         net (fo=1, routed)           0.016    21.929    metrics[21][11]_i_388_n_0
    SLICE_X37Y76         CARRY8 (Prop_CARRY8_SLICEM_S[1]_CO[5])
                                                      0.199    22.128 r  metrics_reg[21][11]_i_323/CO[5]
                         net (fo=12, routed)          0.188    22.316    metrics_reg[21][11]_i_323_n_2
    SLICE_X37Y75         LUT6 (Prop_H6LUT_SLICEM_I3_O)
                                                      0.152    22.468 r  metrics[21][11]_i_320/O
                         net (fo=5, routed)           0.199    22.667    metrics[21][11]_i_320_n_0
    SLICE_X37Y71         LUT4 (Prop_E6LUT_SLICEM_I3_O)
                                                      0.091    22.758 r  metrics[21][11]_i_332/O
                         net (fo=1, routed)           0.014    22.772    metrics[21][11]_i_332_n_0
    SLICE_X37Y71         CARRY8 (Prop_CARRY8_SLICEM_S[4]_O[6])
                                                      0.129    22.901 r  metrics_reg[21][11]_i_293/O[6]
                         net (fo=12, routed)          0.204    23.105    metrics_reg[21][11]_i_293_n_9
    SLICE_X38Y72         LUT6 (Prop_B6LUT_SLICEM_I1_O)
                                                      0.052    23.157 r  metrics[21][7]_i_72/O
                         net (fo=5, routed)           0.201    23.358    metrics[21][7]_i_72_n_0
    SLICE_X38Y75         LUT4 (Prop_B6LUT_SLICEM_I2_O)
                                                      0.100    23.458 r  metrics[21][11]_i_290/O
                         net (fo=1, routed)           0.016    23.474    metrics[21][11]_i_290_n_0
    SLICE_X38Y75         CARRY8 (Prop_CARRY8_SLICEM_S[1]_CO[5])
                                                      0.199    23.673 r  metrics_reg[21][11]_i_263/CO[5]
                         net (fo=12, routed)          0.212    23.885    metrics_reg[21][11]_i_263_n_2
    SLICE_X38Y73         LUT6 (Prop_H6LUT_SLICEM_I4_O)
                                                      0.053    23.938 r  metrics[21][7]_i_60/O
                         net (fo=5, routed)           0.182    24.120    metrics[21][7]_i_60_n_0
    SLICE_X40Y73         LUT4 (Prop_D6LUT_SLICEM_I3_O)
                                                      0.088    24.208 r  metrics[21][11]_i_259/O
                         net (fo=1, routed)           0.025    24.233    metrics[21][11]_i_259_n_0
    SLICE_X40Y73         CARRY8 (Prop_CARRY8_SLICEM_S[3]_CO[5])
                                                      0.146    24.379 r  metrics_reg[21][11]_i_223/CO[5]
                         net (fo=12, routed)          0.200    24.579    metrics_reg[21][11]_i_223_n_2
    SLICE_X40Y72         LUT6 (Prop_F6LUT_SLICEM_I2_O)
                                                      0.088    24.667 r  metrics[21][7]_i_55/O
                         net (fo=5, routed)           0.240    24.906    metrics[21][7]_i_55_n_0
    SLICE_X39Y71         LUT4 (Prop_B6LUT_SLICEL_I2_O)
                                                      0.051    24.957 r  metrics[21][11]_i_220/O
                         net (fo=1, routed)           0.009    24.966    metrics[21][11]_i_220_n_0
    SLICE_X39Y71         CARRY8 (Prop_CARRY8_SLICEL_S[1]_CO[5])
                                                      0.195    25.161 r  metrics_reg[21][11]_i_158/CO[5]
                         net (fo=12, routed)          0.161    25.322    metrics_reg[21][11]_i_158_n_2
    SLICE_X39Y70         LUT6 (Prop_E6LUT_SLICEL_I2_O)
                                                      0.147    25.469 r  metrics[21][7]_i_47/O
                         net (fo=5, routed)           0.142    25.611    metrics[21][7]_i_47_n_0
    SLICE_X40Y71         LUT4 (Prop_B6LUT_SLICEM_I3_O)
                                                      0.100    25.711 r  metrics[21][11]_i_171/O
                         net (fo=1, routed)           0.016    25.727    metrics[21][11]_i_171_n_0
    SLICE_X40Y71         CARRY8 (Prop_CARRY8_SLICEM_S[1]_O[6])
                                                      0.224    25.951 r  metrics_reg[21][11]_i_129/O[6]
                         net (fo=12, routed)          0.166    26.118    metrics_reg[21][11]_i_129_n_9
    SLICE_X40Y69         LUT6 (Prop_G6LUT_SLICEM_I4_O)
                                                      0.090    26.208 r  metrics[21][7]_i_40/O
                         net (fo=5, routed)           0.161    26.369    metrics[21][7]_i_40_n_0
    SLICE_X41Y68         LUT4 (Prop_B6LUT_SLICEM_I3_O)
                                                      0.125    26.494 r  metrics[21][11]_i_154/O
                         net (fo=1, routed)           0.016    26.510    metrics[21][11]_i_154_n_0
    SLICE_X41Y68         CARRY8 (Prop_CARRY8_SLICEM_S[1]_CO[5])
                                                      0.199    26.709 r  metrics_reg[21][11]_i_114/CO[5]
                         net (fo=12, routed)          0.238    26.947    metrics_reg[21][11]_i_114_n_2
    SLICE_X41Y68         LUT6 (Prop_G6LUT_SLICEM_I2_O)
                                                      0.090    27.037 r  metrics[21][7]_i_34/O
                         net (fo=5, routed)           0.160    27.197    metrics[21][7]_i_34_n_0
    SLICE_X40Y66         LUT4 (Prop_A6LUT_SLICEM_I3_O)
                                                      0.053    27.250 r  metrics[21][11]_i_98/O
                         net (fo=1, routed)           0.013    27.263    metrics[21][11]_i_98_n_0
    SLICE_X40Y66         CARRY8 (Prop_CARRY8_SLICEM_S[0]_CO[5])
                                                      0.201    27.464 r  metrics_reg[21][11]_i_68/CO[5]
                         net (fo=12, routed)          0.239    27.703    metrics_reg[21][11]_i_68_n_2
    SLICE_X43Y65         LUT6 (Prop_G6LUT_SLICEM_I2_O)
                                                      0.123    27.826 r  metrics[21][7]_i_25/O
                         net (fo=5, routed)           0.121    27.947    metrics[21][7]_i_25_n_0
    SLICE_X43Y63         LUT4 (Prop_A6LUT_SLICEM_I1_O)
                                                      0.150    28.097 r  metrics[21][11]_i_54/O
                         net (fo=1, routed)           0.013    28.110    metrics[21][11]_i_54_n_0
    SLICE_X43Y63         CARRY8 (Prop_CARRY8_SLICEM_S[0]_CO[5])
                                                      0.201    28.311 r  metrics_reg[21][11]_i_20/CO[5]
                         net (fo=12, routed)          0.332    28.643    p_0_out
    SLICE_X44Y63         LUT6 (Prop_H6LUT_SLICEL_I2_O)
                                                      0.099    28.742 r  metrics[21][7]_i_10/O
                         net (fo=70, routed)          0.707    29.449    metrics[21][7]_i_10_n_0
    SLICE_X49Y65         LUT2 (Prop_A6LUT_SLICEL_I1_O)
                                                      0.035    29.484 r  metrics[47][7]_i_14/O
                         net (fo=1, routed)           0.009    29.493    metrics[47][7]_i_14_n_0
    SLICE_X49Y65         CARRY8 (Prop_CARRY8_SLICEL_S[0]_CO[7])
                                                      0.190    29.683 r  metrics_reg[47][7]_i_3/CO[7]
                         net (fo=1, routed)           0.026    29.709    metrics_reg[47][7]_i_3_n_0
    SLICE_X49Y66         CARRY8 (Prop_CARRY8_SLICEL_CI_O[2])
                                                      0.067    29.776 r  metrics_reg[47][11]_i_3/O[2]
                         net (fo=1, routed)           0.396    30.172    metrics_reg[47][11]_i_3_n_13
    SLICE_X48Y66         LUT6 (Prop_G6LUT_SLICEL_I0_O)
                                                      0.050    30.222 r  metrics[47][10]_i_2/O
                         net (fo=1, routed)           0.048    30.270    metrics[47][10]_i_2_n_0
    SLICE_X48Y66         LUT3 (Prop_B6LUT_SLICEL_I0_O)
                                                      0.124    30.394 r  metrics[47][10]_i_1/O
                         net (fo=1, routed)           0.049    30.443    metrics[47][10]_i_1_n_0
    SLICE_X48Y66         FDSE                                         r  metrics_reg[47][10]/D
  -------------------------------------------------------------------    -------------------

                         (clock clk rise edge)       10.000    10.000 r  
                                                      0.000    10.000 r  clk (IN)
                         net (fo=17155, unset)        0.020    10.020    clk
    SLICE_X48Y66         FDSE                                         r  metrics_reg[47][10]/C
                         clock pessimism              0.000    10.020    
                         clock uncertainty           -0.035     9.985    
    SLICE_X48Y66         FDSE (Setup_BFF_SLICEL_C_D)
                                                      0.025    10.010    metrics_reg[47][10]
  -------------------------------------------------------------------
                         required time                         10.010    
                         arrival time                         -30.443    
  -------------------------------------------------------------------
                         slack                                -20.433    





Min Delay Paths
--------------------------------------------------------------------------------------
Slack (MET) :             0.081ns  (arrival time - required time)
  Source:                 output_idx_reg[2]/C
                            (rising edge-triggered cell FDRE clocked by clk  {rise@0.000ns fall@5.000ns period=10.000ns})
  Destination:            out_index_reg[2]/D
                            (rising edge-triggered cell FDRE clocked by clk  {rise@0.000ns fall@5.000ns period=10.000ns})
  Path Group:             clk
  Path Type:              Hold (Min at Fast Process Corner)
  Requirement:            0.000ns  (clk rise@0.000ns - clk rise@0.000ns)
  Data Path Delay:        0.134ns  (logic 0.039ns (29.170%)  route 0.095ns (70.830%))
  Logic Levels:           0  
  Clock Path Skew:        0.006ns (DCD - SCD - CPR)
    Destination Clock Delay (DCD):    0.019ns
    Source Clock Delay      (SCD):    0.013ns
    Clock Pessimism Removal (CPR):    -0.000ns

    Location             Delay type                Incr(ns)  Path(ns)    Netlist Resource(s)
  -------------------------------------------------------------------    -------------------
                         (clock clk rise edge)        0.000     0.000 r  
                                                      0.000     0.000 r  clk (IN)
                         net (fo=17155, unset)        0.013     0.013    clk
    SLICE_X43Y163        FDRE                                         r  output_idx_reg[2]/C
  -------------------------------------------------------------------    -------------------
    SLICE_X43Y163        FDRE (Prop_DFF_SLICEM_C_Q)
                                                      0.039     0.052 r  output_idx_reg[2]/Q
                         net (fo=6, routed)           0.095     0.147    output_idx_reg_n_0_[2]
    SLICE_X41Y163        FDRE                                         r  out_index_reg[2]/D
  -------------------------------------------------------------------    -------------------

                         (clock clk rise edge)        0.000     0.000 r  
                                                      0.000     0.000 r  clk (IN)
                         net (fo=17155, unset)        0.019     0.019    clk
    SLICE_X41Y163        FDRE                                         r  out_index_reg[2]/C
                         clock pessimism              0.000     0.019    
    SLICE_X41Y163        FDRE (Hold_EFF2_SLICEM_C_D)
                                                      0.047     0.066    out_index_reg[2]
  -------------------------------------------------------------------
                         required time                         -0.066    
                         arrival time                           0.147    
  -------------------------------------------------------------------
                         slack                                  0.081    





Pulse Width Checks
--------------------------------------------------------------------------------------
Clock Name:         clk
Waveform(ns):       { 0.000 5.000 }
Period(ns):         10.000
Sources:            { clk }

Check Type        Corner  Lib Pin     Reference Pin  Required(ns)  Actual(ns)  Slack(ns)  Location       Pin
Min Period        n/a     RAMD32/CLK  n/a            1.064         10.000      8.936      SLICE_X43Y163  decoded_mem_reg_0_15_0_0/DP/CLK
Low Pulse Width   Slow    RAMD32/CLK  n/a            0.532         5.000       4.468      SLICE_X43Y163  decoded_mem_reg_0_15_0_0/DP/CLK
High Pulse Width  Slow    RAMD32/CLK  n/a            0.532         5.000       4.468      SLICE_X43Y163  decoded_mem_reg_0_15_0_0/DP/CLK



