Copyright 1986-2022 Xilinx, Inc. All Rights Reserved. Copyright 2022-2024 Advanced Micro Devices, Inc. All Rights Reserved.
------------------------------------------------------------------------------------------------------------------------------------------------------------
| Tool Version      : Vivado v.2024.1 (win64) Build 5076996 Wed May 22 18:37:14 MDT 2024
| Date              : Sat May  2 06:58:13 2026
| Host              : AIALRA-PORTABLE running 64-bit major release  (build 9200)
| Command           : report_timing_summary -file C:/Users/AIALRA-PORTABLE/Desktop/Vertebi/viterbi_startup_pack/src/data/impl/hero_synth/timing_summary.rpt
| Design            : viterbi_decoder_core_soft3
| Device            : xczu4ev-sfvc784
| Speed File        : -2  PRODUCTION 1.30 05-15-2022
| Design State      : Synthesized
| Temperature Grade : I
------------------------------------------------------------------------------------------------------------------------------------------------------------

Timing Summary Report

------------------------------------------------------------------------------------------------
| Timer Settings
| --------------
------------------------------------------------------------------------------------------------

  Enable Multi Corner Analysis               :  Yes
  Enable Pessimism Removal                   :  Yes
  Pessimism Removal Resolution               :  Nearest Common Node
  Enable Input Delay Default Clock           :  No
  Enable Preset / Clear Arcs                 :  No
  Disable Flight Delays                      :  No
  Ignore I/O Paths                           :  No
  Timing Early Launch at Borrowing Latches   :  No
  Borrow Time for Max Delay Exceptions       :  Yes
  Merge Timing Exceptions                    :  Yes
  Inter-SLR Compensation                     :  Conservative

  Corner  Analyze    Analyze    
  Name    Max Paths  Min Paths  
  ------  ---------  ---------  
  Slow    Yes        Yes        
  Fast    Yes        Yes        


------------------------------------------------------------------------------------------------
| Report Methodology
| ------------------
------------------------------------------------------------------------------------------------

No report available as report_methodology has not been run prior. Run report_methodology on the current design for the summary of methodology violations.



check_timing report

Table of Contents
-----------------
1. checking no_clock (0)
2. checking constant_clock (0)
3. checking pulse_width_clock (0)
4. checking unconstrained_internal_endpoints (0)
5. checking no_input_delay (6)
6. checking no_output_delay (11)
7. checking multiple_clock (0)
8. checking generated_clocks (0)
9. checking loops (0)
10. checking partial_input_delay (0)
11. checking partial_output_delay (0)
12. checking latch_loops (0)

1. checking no_clock (0)
------------------------
 There are 0 register/latch pins with no clock.


2. checking constant_clock (0)
------------------------------
 There are 0 register/latch pins with constant_clock.


3. checking pulse_width_clock (0)
---------------------------------
 There are 0 register/latch pins which need pulse_width check


4. checking unconstrained_internal_endpoints (0)
------------------------------------------------
 There are 0 pins that are not constrained for maximum delay.

 There are 0 pins that are not constrained for maximum delay due to constant clock.


5. checking no_input_delay (6)
------------------------------
 There are 6 input ports with no input delay specified. (HIGH)

 There are 0 input ports with no input delay but user has a false path constraint.


6. checking no_output_delay (11)
--------------------------------
 There are 11 ports with no output delay specified. (HIGH)

 There are 0 ports with no output delay but user has a false path constraint

 There are 0 ports with no output delay but with a timing clock defined on it or propagating through it


7. checking multiple_clock (0)
------------------------------
 There are 0 register/latch pins with multiple clocks.


8. checking generated_clocks (0)
--------------------------------
 There are 0 generated clocks that are not connected to a clock source.


9. checking loops (0)
---------------------
 There are 0 combinational loops in the design.


10. checking partial_input_delay (0)
------------------------------------
 There are 0 input ports with partial input delay specified.


11. checking partial_output_delay (0)
-------------------------------------
 There are 0 ports with partial output delay specified.


12. checking latch_loops (0)
----------------------------
 There are 0 combinational latch loops in the design through latch input



------------------------------------------------------------------------------------------------
| Design Timing Summary
| ---------------------
------------------------------------------------------------------------------------------------

    WNS(ns)      TNS(ns)  TNS Failing Endpoints  TNS Total Endpoints      WHS(ns)      THS(ns)  THS Failing Endpoints  THS Total Endpoints     WPWS(ns)     TPWS(ns)  TPWS Failing Endpoints  TPWS Total Endpoints  
    -------      -------  ---------------------  -------------------      -------      -------  ---------------------  -------------------     --------     --------  ----------------------  --------------------  
    -23.241   -17607.301                    768                34499        0.031        0.000                      0                34499        4.468        0.000                       0                 17156  


Timing constraints are not met.


------------------------------------------------------------------------------------------------
| Clock Summary
| -------------
------------------------------------------------------------------------------------------------

Clock  Waveform(ns)       Period(ns)      Frequency(MHz)
-----  ------------       ----------      --------------
clk    {0.000 5.000}      10.000          100.000         


------------------------------------------------------------------------------------------------
| Intra Clock Table
| -----------------
------------------------------------------------------------------------------------------------

Clock             WNS(ns)      TNS(ns)  TNS Failing Endpoints  TNS Total Endpoints      WHS(ns)      THS(ns)  THS Failing Endpoints  THS Total Endpoints     WPWS(ns)     TPWS(ns)  TPWS Failing Endpoints  TPWS Total Endpoints  
-----             -------      -------  ---------------------  -------------------      -------      -------  ---------------------  -------------------     --------     --------  ----------------------  --------------------  
clk               -23.241   -17607.301                    768                34499        0.031        0.000                      0                34499        4.468        0.000                       0                 17156  


------------------------------------------------------------------------------------------------
| Inter Clock Table
| -----------------
------------------------------------------------------------------------------------------------

From Clock    To Clock          WNS(ns)      TNS(ns)  TNS Failing Endpoints  TNS Total Endpoints      WHS(ns)      THS(ns)  THS Failing Endpoints  THS Total Endpoints  
----------    --------          -------      -------  ---------------------  -------------------      -------      -------  ---------------------  -------------------  


------------------------------------------------------------------------------------------------
| Other Path Groups Table
| -----------------------
------------------------------------------------------------------------------------------------

Path Group    From Clock    To Clock          WNS(ns)      TNS(ns)  TNS Failing Endpoints  TNS Total Endpoints      WHS(ns)      THS(ns)  THS Failing Endpoints  THS Total Endpoints  
----------    ----------    --------          -------      -------  ---------------------  -------------------      -------      -------  ---------------------  -------------------  


------------------------------------------------------------------------------------------------
| Timing Details
| --------------
------------------------------------------------------------------------------------------------


---------------------------------------------------------------------------------------------------
From Clock:  clk
  To Clock:  clk

Setup :          768  Failing Endpoints,  Worst Slack      -23.241ns,  Total Violation   -17607.301ns
Hold  :            0  Failing Endpoints,  Worst Slack        0.031ns,  Total Violation        0.000ns
PW    :            0  Failing Endpoints,  Worst Slack        4.468ns,  Total Violation        0.000ns
---------------------------------------------------------------------------------------------------


Max Delay Paths
--------------------------------------------------------------------------------------
Slack (VIOLATED) :        -23.241ns  (required time - arrival time)
  Source:                 compute_idx_reg[0]/C
                            (rising edge-triggered cell FDRE clocked by clk  {rise@0.000ns fall@5.000ns period=10.000ns})
  Destination:            metrics_reg[0][9]/D
                            (rising edge-triggered cell FDSE clocked by clk  {rise@0.000ns fall@5.000ns period=10.000ns})
  Path Group:             clk
  Path Type:              Setup (Max at Slow Process Corner)
  Requirement:            10.000ns  (clk rise@10.000ns - clk rise@0.000ns)
  Data Path Delay:        33.223ns  (logic 10.486ns (31.562%)  route 22.737ns (68.437%))
  Logic Levels:           115  (CARRY8=35 LUT2=3 LUT4=34 LUT5=5 LUT6=37 RAMD64E=1)
  Clock Path Skew:        -0.008ns (DCD - SCD + CPR)
    Destination Clock Delay (DCD):    0.020ns = ( 10.020 - 10.000 ) 
    Source Clock Delay      (SCD):    0.028ns
    Clock Pessimism Removal (CPR):    0.000ns
  Clock Uncertainty:      0.035ns  ((TSJ^2 + TIJ^2)^1/2 + DJ) / 2 + PE
    Total System Jitter     (TSJ):    0.071ns
    Total Input Jitter      (TIJ):    0.000ns
    Discrete Jitter          (DJ):    0.000ns
    Phase Error              (PE):    0.000ns

    Location             Delay type                Incr(ns)  Path(ns)    Netlist Resource(s)
  -------------------------------------------------------------------    -------------------
                         (clock clk rise edge)        0.000     0.000 r  
                                                      0.000     0.000 r  clk (IN)
                         net (fo=17155, unset)        0.028     0.028    clk
                         FDRE                                         r  compute_idx_reg[0]/C
  -------------------------------------------------------------------    -------------------
                         FDRE (Prop_FDRE_C_Q)         0.079     0.107 r  compute_idx_reg[0]/Q
                         net (fo=122, unplaced)       0.239     0.346    rx_mem_reg_r1_192_255_0_2/ADDRB1
                         RAMD64E (Prop_RAMD64E_RADR1_O)
                                                      0.123     0.469 r  rx_mem_reg_r1_192_255_0_2/RAMB/O
                         net (fo=3, unplaced)         0.113     0.582    rx_mem_reg_r1_192_255_0_2_n_1
                         LUT6 (Prop_LUT6_I0_O)        0.149     0.731 r  survivor_prev[0][17][3]_i_21/O
                         net (fo=91, unplaced)        0.224     0.955    survivor_prev[0][17][3]_i_21_n_0
                         LUT5 (Prop_LUT5_I0_O)        0.138     1.093 r  survivor_prev[0][0][5]_i_42/O
                         net (fo=1, unplaced)         0.141     1.234    survivor_prev[0][0][5]_i_42_n_0
                         LUT6 (Prop_LUT6_I2_O)        0.098     1.332 f  survivor_prev[0][0][5]_i_29/O
                         net (fo=6, unplaced)         0.208     1.540    survivor_prev[0][0][5]_i_29_n_0
                         LUT6 (Prop_LUT6_I1_O)        0.035     1.575 r  metrics[0][11]_i_20/O
                         net (fo=3, unplaced)         0.192     1.767    metrics[0][11]_i_20_n_0
                         LUT4 (Prop_LUT4_I3_O)        0.035     1.802 r  survivor_prev[0][0][5]_i_15/O
                         net (fo=2, unplaced)         0.140     1.942    survivor_prev[0][0][5]_i_15_n_0
                         LUT4 (Prop_LUT4_I0_O)        0.118     2.060 r  survivor_prev[0][0][5]_i_3/O
                         net (fo=1, unplaced)         0.172     2.232    survivor_prev[0][0][5]_i_3_n_0
                         CARRY8 (Prop_CARRY8_DI[5]_CO[5])
                                                      0.073     2.305 r  survivor_prev_reg[0][0][5]_i_2/CO[5]
                         net (fo=6, unplaced)         0.117     2.422    survivor_prev_reg[0][0][5]_i_2_n_2
                         LUT2 (Prop_LUT2_I0_O)        0.035     2.457 r  survivor_prev[0][0][5]_i_1/O
                         net (fo=124, unplaced)       0.276     2.733    compute_block.next_survivor_prev[5]
                         LUT5 (Prop_LUT5_I4_O)        0.035     2.768 r  metrics[0][11]_i_6/O
                         net (fo=16, unplaced)        0.230     2.998    metrics[0][11]_i_6_n_0
                         LUT4 (Prop_LUT4_I3_O)        0.068     3.066 r  metrics[21][11]_i_804/O
                         net (fo=1, unplaced)         0.204     3.270    metrics[21][11]_i_804_n_0
                         CARRY8 (Prop_CARRY8_DI[2]_CO[5])
                                                      0.143     3.413 r  metrics_reg[21][11]_i_760/CO[5]
                         net (fo=29, unplaced)        0.152     3.565    metrics_reg[21][11]_i_760_n_2
                         LUT5 (Prop_LUT5_I1_O)        0.069     3.634 f  metrics[21][7]_i_813/O
                         net (fo=6, unplaced)         0.208     3.842    metrics[21][7]_i_813_n_0
                         LUT4 (Prop_LUT4_I2_O)        0.073     3.915 r  metrics[21][7]_i_791/O
                         net (fo=1, unplaced)         0.208     4.123    metrics[21][7]_i_791_n_0
                         CARRY8 (Prop_CARRY8_DI[1]_CO[5])
                                                      0.155     4.278 r  metrics_reg[21][7]_i_725/CO[5]
                         net (fo=34, unplaced)        0.202     4.480    p_2_out__0
                         LUT5 (Prop_LUT5_I1_O)        0.050     4.530 r  metrics[28][11]_i_94/O
                         net (fo=2, unplaced)         0.186     4.716    metrics[28][11]_i_94_n_0
                         LUT6 (Prop_LUT6_I5_O)        0.035     4.751 f  metrics[28][11]_i_89/O
                         net (fo=5, unplaced)         0.204     4.955    metrics[28][11]_i_89_n_0
                         LUT4 (Prop_LUT4_I3_O)        0.074     5.029 f  metrics[21][11]_i_789/O
                         net (fo=1, unplaced)         0.172     5.201    metrics[21][11]_i_789_n_0
                         CARRY8 (Prop_CARRY8_DI[5]_CO[5])
                                                      0.073     5.274 f  metrics_reg[21][11]_i_759/CO[5]
                         net (fo=11, unplaced)        0.176     5.450    metrics_reg[21][11]_i_759_n_2
                         LUT2 (Prop_LUT2_I0_O)        0.050     5.500 r  metrics[21][11]_i_752/O
                         net (fo=21, unplaced)        0.187     5.687    metrics[21][11]_i_752_n_0
                         LUT6 (Prop_LUT6_I1_O)        0.050     5.737 f  metrics[21][7]_i_723/O
                         net (fo=1, unplaced)         0.186     5.923    metrics[21][7]_i_723_n_0
                         LUT6 (Prop_LUT6_I0_O)        0.035     5.958 f  metrics[21][7]_i_700/O
                         net (fo=5, unplaced)         0.204     6.162    metrics[21][7]_i_700_n_0
                         LUT4 (Prop_LUT4_I2_O)        0.066     6.228 r  metrics[21][7]_i_754/O
                         net (fo=1, unplaced)         0.105     6.333    metrics[21][7]_i_754_n_0
                         CARRY8 (Prop_CARRY8_DI[3]_CO[5])
                                                      0.138     6.471 r  metrics_reg[21][7]_i_703/CO[5]
                         net (fo=15, unplaced)        0.183     6.654    metrics_reg[21][7]_i_703_n_2
                         LUT5 (Prop_LUT5_I0_O)        0.050     6.704 r  metrics[28][11]_i_93/O
                         net (fo=1, unplaced)         0.186     6.890    metrics[28][11]_i_93_n_0
                         LUT6 (Prop_LUT6_I5_O)        0.035     6.925 r  metrics[28][11]_i_87/O
                         net (fo=5, unplaced)         0.204     7.129    metrics[28][11]_i_87_n_0
                         LUT4 (Prop_LUT4_I3_O)        0.074     7.203 r  metrics[21][7]_i_704/O
                         net (fo=1, unplaced)         0.172     7.375    metrics[21][7]_i_704_n_0
                         CARRY8 (Prop_CARRY8_DI[5]_O[6])
                                                      0.101     7.476 r  metrics_reg[21][7]_i_667/O[6]
                         net (fo=13, unplaced)        0.177     7.653    metrics_reg[21][7]_i_667_n_9
                         LUT6 (Prop_LUT6_I4_O)        0.035     7.688 f  metrics[21][7]_i_674/O
                         net (fo=5, unplaced)         0.204     7.892    metrics[21][7]_i_674_n_0
                         LUT4 (Prop_LUT4_I3_O)        0.069     7.961 r  metrics[21][7]_i_645/O
                         net (fo=1, unplaced)         0.233     8.194    metrics[21][7]_i_645_n_0
                         CARRY8 (Prop_CARRY8_DI[0]_CO[5])
                                                      0.168     8.362 r  metrics_reg[21][7]_i_618/CO[5]
                         net (fo=12, unplaced)        0.178     8.540    metrics_reg[21][7]_i_618_n_2
                         LUT6 (Prop_LUT6_I2_O)        0.050     8.590 f  metrics[21][7]_i_627/O
                         net (fo=5, unplaced)         0.204     8.794    metrics[21][7]_i_627_n_0
                         LUT4 (Prop_LUT4_I3_O)        0.069     8.863 r  metrics[21][7]_i_598/O
                         net (fo=1, unplaced)         0.233     9.096    metrics[21][7]_i_598_n_0
                         CARRY8 (Prop_CARRY8_DI[0]_CO[5])
                                                      0.168     9.264 r  metrics_reg[21][7]_i_571/CO[5]
                         net (fo=12, unplaced)        0.178     9.442    p_3_in
                         LUT6 (Prop_LUT6_I2_O)        0.050     9.492 f  metrics[21][7]_i_580/O
                         net (fo=5, unplaced)         0.204     9.696    metrics[21][7]_i_580_n_0
                         LUT4 (Prop_LUT4_I3_O)        0.069     9.765 r  metrics[21][7]_i_551/O
                         net (fo=1, unplaced)         0.233     9.998    metrics[21][7]_i_551_n_0
                         CARRY8 (Prop_CARRY8_DI[0]_CO[5])
                                                      0.168    10.166 r  metrics_reg[21][7]_i_524/CO[5]
                         net (fo=12, unplaced)        0.178    10.344    metrics_reg[21][7]_i_524_n_2
                         LUT6 (Prop_LUT6_I2_O)        0.050    10.394 f  metrics[21][7]_i_533/O
                         net (fo=5, unplaced)         0.204    10.598    metrics[21][7]_i_533_n_0
                         LUT4 (Prop_LUT4_I3_O)        0.069    10.667 r  metrics[21][7]_i_504/O
                         net (fo=1, unplaced)         0.233    10.900    metrics[21][7]_i_504_n_0
                         CARRY8 (Prop_CARRY8_DI[0]_CO[5])
                                                      0.168    11.068 r  metrics_reg[21][7]_i_465/CO[5]
                         net (fo=12, unplaced)        0.178    11.246    metrics_reg[21][7]_i_465_n_2
                         LUT6 (Prop_LUT6_I2_O)        0.050    11.296 f  metrics[21][7]_i_486/O
                         net (fo=5, unplaced)         0.204    11.500    metrics[21][7]_i_486_n_0
                         LUT4 (Prop_LUT4_I3_O)        0.069    11.569 r  metrics[21][7]_i_457/O
                         net (fo=1, unplaced)         0.233    11.802    metrics[21][7]_i_457_n_0
                         CARRY8 (Prop_CARRY8_DI[0]_CO[5])
                                                      0.168    11.970 r  metrics_reg[21][7]_i_418/CO[5]
                         net (fo=12, unplaced)        0.178    12.148    metrics_reg[21][7]_i_418_n_2
                         LUT6 (Prop_LUT6_I2_O)        0.050    12.198 r  metrics[21][7]_i_438/O
                         net (fo=5, unplaced)         0.204    12.402    metrics[21][7]_i_438_n_0
                         LUT4 (Prop_LUT4_I2_O)        0.069    12.471 r  metrics[21][7]_i_398/O
                         net (fo=1, unplaced)         0.233    12.704    metrics[21][7]_i_398_n_0
                         CARRY8 (Prop_CARRY8_DI[0]_CO[5])
                                                      0.168    12.872 r  metrics_reg[21][7]_i_370/CO[5]
                         net (fo=12, unplaced)        0.178    13.050    metrics_reg[21][7]_i_370_n_2
                         LUT6 (Prop_LUT6_I1_O)        0.050    13.100 r  metrics[21][7]_i_392/O
                         net (fo=5, unplaced)         0.204    13.304    metrics[21][7]_i_392_n_0
                         LUT4 (Prop_LUT4_I3_O)        0.069    13.373 r  metrics[21][7]_i_379/O
                         net (fo=1, unplaced)         0.233    13.606    metrics[21][7]_i_379_n_0
                         CARRY8 (Prop_CARRY8_DI[0]_O[6])
                                                      0.194    13.800 r  metrics_reg[21][7]_i_338/O[6]
                         net (fo=12, unplaced)        0.175    13.975    metrics_reg[21][7]_i_338_n_9
                         LUT6 (Prop_LUT6_I4_O)        0.035    14.010 f  metrics[21][7]_i_345/O
                         net (fo=5, unplaced)         0.204    14.214    metrics[21][7]_i_345_n_0
                         LUT4 (Prop_LUT4_I3_O)        0.069    14.283 r  metrics[21][7]_i_316/O
                         net (fo=1, unplaced)         0.233    14.516    metrics[21][7]_i_316_n_0
                         CARRY8 (Prop_CARRY8_DI[0]_CO[5])
                                                      0.168    14.684 r  metrics_reg[21][7]_i_261/CO[5]
                         net (fo=19, unplaced)        0.189    14.873    metrics_reg[21][7]_i_261_n_2
                         LUT6 (Prop_LUT6_I2_O)        0.050    14.923 f  metrics[21][7]_i_294/O
                         net (fo=5, unplaced)         0.204    15.127    metrics[21][7]_i_294_n_0
                         LUT4 (Prop_LUT4_I3_O)        0.069    15.196 r  metrics[21][7]_i_281/O
                         net (fo=1, unplaced)         0.233    15.429    metrics[21][7]_i_281_n_0
                         CARRY8 (Prop_CARRY8_DI[0]_CO[5])
                                                      0.168    15.597 r  metrics_reg[21][7]_i_237/CO[5]
                         net (fo=15, unplaced)        0.183    15.780    metrics_reg[21][7]_i_237_n_2
                         LUT6 (Prop_LUT6_I2_O)        0.050    15.830 f  metrics[21][7]_i_245/O
                         net (fo=5, unplaced)         0.204    16.034    metrics[21][7]_i_245_n_0
                         LUT4 (Prop_LUT4_I3_O)        0.069    16.103 r  metrics[21][7]_i_215/O
                         net (fo=1, unplaced)         0.233    16.336    metrics[21][7]_i_215_n_0
                         CARRY8 (Prop_CARRY8_DI[0]_CO[5])
                                                      0.168    16.504 r  metrics_reg[21][7]_i_183/CO[5]
                         net (fo=15, unplaced)        0.183    16.687    metrics_reg[21][7]_i_183_n_2
                         LUT6 (Prop_LUT6_I2_O)        0.050    16.737 r  metrics[21][7]_i_196/O
                         net (fo=5, unplaced)         0.204    16.941    metrics[21][7]_i_196_n_0
                         LUT4 (Prop_LUT4_I2_O)        0.069    17.010 r  metrics[21][11]_i_715/O
                         net (fo=1, unplaced)         0.233    17.243    metrics[21][11]_i_715_n_0
                         CARRY8 (Prop_CARRY8_DI[0]_CO[5])
                                                      0.168    17.411 r  metrics_reg[21][11]_i_682/CO[5]
                         net (fo=18, unplaced)        0.188    17.599    metrics_reg[21][11]_i_682_n_2
                         LUT6 (Prop_LUT6_I2_O)        0.050    17.649 f  metrics[21][7]_i_169/O
                         net (fo=5, unplaced)         0.204    17.853    metrics[21][7]_i_169_n_0
                         LUT4 (Prop_LUT4_I3_O)        0.069    17.922 r  metrics[21][7]_i_154/O
                         net (fo=1, unplaced)         0.233    18.155    metrics[21][7]_i_154_n_0
                         CARRY8 (Prop_CARRY8_DI[0]_CO[5])
                                                      0.168    18.323 r  metrics_reg[21][7]_i_135/CO[5]
                         net (fo=18, unplaced)        0.188    18.511    metrics_reg[21][7]_i_135_n_2
                         LUT6 (Prop_LUT6_I2_O)        0.050    18.561 f  metrics[21][7]_i_144/O
                         net (fo=5, unplaced)         0.204    18.765    metrics[21][7]_i_144_n_0
                         LUT4 (Prop_LUT4_I3_O)        0.069    18.834 r  metrics[21][11]_i_641/O
                         net (fo=1, unplaced)         0.233    19.067    metrics[21][11]_i_641_n_0
                         CARRY8 (Prop_CARRY8_DI[0]_CO[5])
                                                      0.168    19.235 r  metrics_reg[21][11]_i_616/CO[5]
                         net (fo=18, unplaced)        0.188    19.423    metrics_reg[21][11]_i_616_n_2
                         LUT6 (Prop_LUT6_I2_O)        0.050    19.473 f  metrics[21][7]_i_132/O
                         net (fo=5, unplaced)         0.204    19.677    metrics[21][7]_i_132_n_0
                         LUT4 (Prop_LUT4_I3_O)        0.069    19.746 r  metrics[21][11]_i_608/O
                         net (fo=1, unplaced)         0.233    19.979    metrics[21][11]_i_608_n_0
                         CARRY8 (Prop_CARRY8_DI[0]_CO[5])
                                                      0.168    20.147 r  metrics_reg[21][11]_i_571/CO[5]
                         net (fo=17, unplaced)        0.186    20.333    metrics_reg[21][11]_i_571_n_2
                         LUT6 (Prop_LUT6_I3_O)        0.050    20.383 f  metrics[21][7]_i_122/O
                         net (fo=5, unplaced)         0.204    20.587    metrics[21][7]_i_122_n_0
                         LUT4 (Prop_LUT4_I3_O)        0.069    20.656 r  metrics[21][11]_i_562/O
                         net (fo=1, unplaced)         0.233    20.889    metrics[21][11]_i_562_n_0
                         CARRY8 (Prop_CARRY8_DI[0]_CO[5])
                                                      0.168    21.057 r  metrics_reg[21][11]_i_526/CO[5]
                         net (fo=16, unplaced)        0.185    21.242    metrics_reg[21][11]_i_526_n_2
                         LUT6 (Prop_LUT6_I0_O)        0.050    21.292 f  metrics[21][7]_i_114/O
                         net (fo=5, unplaced)         0.204    21.496    metrics[21][7]_i_114_n_0
                         LUT4 (Prop_LUT4_I3_O)        0.069    21.565 r  metrics[21][11]_i_517/O
                         net (fo=1, unplaced)         0.233    21.798    metrics[21][11]_i_517_n_0
                         CARRY8 (Prop_CARRY8_DI[0]_CO[5])
                                                      0.168    21.966 r  metrics_reg[21][11]_i_482/CO[5]
                         net (fo=15, unplaced)        0.183    22.149    metrics_reg[21][11]_i_482_n_2
                         LUT6 (Prop_LUT6_I3_O)        0.050    22.199 f  metrics[21][7]_i_106/O
                         net (fo=5, unplaced)         0.204    22.403    metrics[21][7]_i_106_n_0
                         LUT4 (Prop_LUT4_I3_O)        0.069    22.472 r  metrics[21][11]_i_461/O
                         net (fo=1, unplaced)         0.233    22.705    metrics[21][11]_i_461_n_0
                         CARRY8 (Prop_CARRY8_DI[0]_CO[5])
                                                      0.168    22.873 r  metrics_reg[21][11]_i_428/CO[5]
                         net (fo=12, unplaced)        0.178    23.051    metrics_reg[21][11]_i_428_n_2
                         LUT6 (Prop_LUT6_I2_O)        0.050    23.101 r  metrics[21][7]_i_97/O
                         net (fo=5, unplaced)         0.204    23.305    metrics[21][7]_i_97_n_0
                         LUT4 (Prop_LUT4_I2_O)        0.069    23.374 r  metrics[21][11]_i_408/O
                         net (fo=1, unplaced)         0.233    23.607    metrics[21][11]_i_408_n_0
                         CARRY8 (Prop_CARRY8_DI[0]_CO[5])
                                                      0.168    23.775 r  metrics_reg[21][11]_i_362/CO[5]
                         net (fo=12, unplaced)        0.178    23.953    metrics_reg[21][11]_i_362_n_2
                         LUT6 (Prop_LUT6_I1_O)        0.050    24.003 r  metrics[21][7]_i_89/O
                         net (fo=5, unplaced)         0.204    24.207    metrics[21][7]_i_89_n_0
                         LUT4 (Prop_LUT4_I2_O)        0.069    24.276 r  metrics[21][11]_i_383/O
                         net (fo=1, unplaced)         0.233    24.509    metrics[21][11]_i_383_n_0
                         CARRY8 (Prop_CARRY8_DI[0]_CO[5])
                                                      0.168    24.677 r  metrics_reg[21][11]_i_323/CO[5]
                         net (fo=12, unplaced)        0.178    24.855    metrics_reg[21][11]_i_323_n_2
                         LUT6 (Prop_LUT6_I2_O)        0.050    24.905 r  metrics[21][7]_i_82/O
                         net (fo=5, unplaced)         0.204    25.109    metrics[21][7]_i_82_n_0
                         LUT4 (Prop_LUT4_I3_O)        0.069    25.178 r  metrics[21][11]_i_330/O
                         net (fo=1, unplaced)         0.233    25.411    metrics[21][11]_i_330_n_0
                         CARRY8 (Prop_CARRY8_DI[0]_O[6])
                                                      0.194    25.605 r  metrics_reg[21][11]_i_293/O[6]
                         net (fo=12, unplaced)        0.175    25.780    metrics_reg[21][11]_i_293_n_9
                         LUT6 (Prop_LUT6_I4_O)        0.035    25.815 f  metrics[21][7]_i_74/O
                         net (fo=5, unplaced)         0.204    26.019    metrics[21][7]_i_74_n_0
                         LUT4 (Prop_LUT4_I3_O)        0.069    26.088 r  metrics[21][11]_i_313/O
                         net (fo=1, unplaced)         0.233    26.321    metrics[21][11]_i_313_n_0
                         CARRY8 (Prop_CARRY8_DI[0]_CO[5])
                                                      0.168    26.489 r  metrics_reg[21][11]_i_266/CO[5]
                         net (fo=12, unplaced)        0.178    26.667    metrics_reg[21][11]_i_266_n_2
                         LUT6 (Prop_LUT6_I2_O)        0.050    26.717 f  metrics[21][7]_i_66/O
                         net (fo=5, unplaced)         0.204    26.921    metrics[21][7]_i_66_n_0
                         LUT4 (Prop_LUT4_I3_O)        0.069    26.990 r  metrics[21][11]_i_256/O
                         net (fo=1, unplaced)         0.233    27.223    metrics[21][11]_i_256_n_0
                         CARRY8 (Prop_CARRY8_DI[0]_CO[5])
                                                      0.168    27.391 r  metrics_reg[21][11]_i_223/CO[5]
                         net (fo=12, unplaced)        0.178    27.569    metrics_reg[21][11]_i_223_n_2
                         LUT6 (Prop_LUT6_I2_O)        0.050    27.619 r  metrics[21][7]_i_57/O
                         net (fo=5, unplaced)         0.204    27.823    metrics[21][7]_i_57_n_0
                         LUT4 (Prop_LUT4_I2_O)        0.069    27.892 r  metrics[21][11]_i_203/O
                         net (fo=1, unplaced)         0.233    28.125    metrics[21][11]_i_203_n_0
                         CARRY8 (Prop_CARRY8_DI[0]_CO[5])
                                                      0.168    28.293 r  metrics_reg[21][11]_i_157/CO[5]
                         net (fo=12, unplaced)        0.178    28.471    metrics_reg[21][11]_i_157_n_2
                         LUT6 (Prop_LUT6_I1_O)        0.050    28.521 r  metrics[21][7]_i_50/O
                         net (fo=5, unplaced)         0.204    28.725    metrics[21][7]_i_50_n_0
                         LUT4 (Prop_LUT4_I3_O)        0.069    28.794 r  metrics[21][11]_i_166/O
                         net (fo=1, unplaced)         0.233    29.027    metrics[21][11]_i_166_n_0
                         CARRY8 (Prop_CARRY8_DI[0]_O[6])
                                                      0.194    29.221 r  metrics_reg[21][11]_i_129/O[6]
                         net (fo=12, unplaced)        0.175    29.396    metrics_reg[21][11]_i_129_n_9
                         LUT6 (Prop_LUT6_I4_O)        0.035    29.431 f  metrics[21][7]_i_42/O
                         net (fo=5, unplaced)         0.204    29.635    metrics[21][7]_i_42_n_0
                         LUT4 (Prop_LUT4_I3_O)        0.069    29.704 r  metrics[21][11]_i_149/O
                         net (fo=1, unplaced)         0.233    29.937    metrics[21][11]_i_149_n_0
                         CARRY8 (Prop_CARRY8_DI[0]_CO[5])
                                                      0.168    30.105 r  metrics_reg[21][11]_i_114/CO[5]
                         net (fo=12, unplaced)        0.178    30.283    metrics_reg[21][11]_i_114_n_2
                         LUT6 (Prop_LUT6_I2_O)        0.050    30.333 f  metrics[21][7]_i_34/O
                         net (fo=5, unplaced)         0.204    30.537    metrics[21][7]_i_34_n_0
                         LUT4 (Prop_LUT4_I3_O)        0.069    30.606 r  metrics[21][11]_i_92/O
                         net (fo=1, unplaced)         0.233    30.839    metrics[21][11]_i_92_n_0
                         CARRY8 (Prop_CARRY8_DI[0]_CO[5])
                                                      0.168    31.007 r  metrics_reg[21][11]_i_68/CO[5]
                         net (fo=12, unplaced)        0.178    31.185    metrics_reg[21][11]_i_68_n_2
                         LUT6 (Prop_LUT6_I2_O)        0.050    31.235 f  metrics[21][7]_i_26/O
                         net (fo=5, unplaced)         0.204    31.439    metrics[21][7]_i_26_n_0
                         LUT4 (Prop_LUT4_I3_O)        0.069    31.508 r  metrics[21][11]_i_48/O
                         net (fo=1, unplaced)         0.233    31.741    metrics[21][11]_i_48_n_0
                         CARRY8 (Prop_CARRY8_DI[0]_CO[5])
                                                      0.168    31.909 r  metrics_reg[21][11]_i_20/CO[5]
                         net (fo=12, unplaced)        0.178    32.087    p_0_out
                         LUT6 (Prop_LUT6_I2_O)        0.050    32.137 r  metrics[21][7]_i_10/O
                         net (fo=70, unplaced)        0.263    32.400    metrics[21][7]_i_10_n_0
                         LUT6 (Prop_LUT6_I5_O)        0.035    32.435 r  metrics[0][7]_i_15/O
                         net (fo=1, unplaced)         0.016    32.451    metrics[0][7]_i_15_n_0
                         CARRY8 (Prop_CARRY8_S[0]_CO[7])
                                                      0.197    32.648 r  metrics_reg[0][7]_i_3/CO[7]
                         net (fo=1, unplaced)         0.005    32.653    metrics_reg[0][7]_i_3_n_0
                         CARRY8 (Prop_CARRY8_CI_O[1])
                                                      0.076    32.729 r  metrics_reg[0][11]_i_3/O[1]
                         net (fo=1, unplaced)         0.184    32.913    data0__0[9]
                         LUT6 (Prop_LUT6_I0_O)        0.035    32.948 r  metrics[0][9]_i_2/O
                         net (fo=1, unplaced)         0.186    33.134    compute_block.norm_metrics[9]
                         LUT2 (Prop_LUT2_I1_O)        0.069    33.203 r  metrics[0][9]_i_1/O
                         net (fo=1, unplaced)         0.048    33.251    metrics[9]
                         FDSE                                         r  metrics_reg[0][9]/D
  -------------------------------------------------------------------    -------------------

                         (clock clk rise edge)       10.000    10.000 r  
                                                      0.000    10.000 r  clk (IN)
                         net (fo=17155, unset)        0.020    10.020    clk
                         FDSE                                         r  metrics_reg[0][9]/C
                         clock pessimism              0.000    10.020    
                         clock uncertainty           -0.035     9.985    
                         FDSE (Setup_FDSE_C_D)        0.025    10.010    metrics_reg[0][9]
  -------------------------------------------------------------------
                         required time                         10.010    
                         arrival time                         -33.251    
  -------------------------------------------------------------------
                         slack                                -23.241    





Min Delay Paths
--------------------------------------------------------------------------------------
Slack (MET) :             0.031ns  (arrival time - required time)
  Source:                 load_idx_reg[2]/C
                            (rising edge-triggered cell FDRE clocked by clk  {rise@0.000ns fall@5.000ns period=10.000ns})
  Destination:            rx_mem_reg_r1_0_63_0_2/RAMA/WADR2
                            (rising edge-triggered cell RAMD64E clocked by clk  {rise@0.000ns fall@5.000ns period=10.000ns})
  Path Group:             clk
  Path Type:              Hold (Min at Fast Process Corner)
  Requirement:            0.000ns  (clk rise@0.000ns - clk rise@0.000ns)
  Data Path Delay:        0.120ns  (logic 0.039ns (32.500%)  route 0.081ns (67.500%))
  Logic Levels:           0  
  Clock Path Skew:        0.027ns (DCD - SCD - CPR)
    Destination Clock Delay (DCD):    0.039ns
    Source Clock Delay      (SCD):    0.012ns
    Clock Pessimism Removal (CPR):    -0.000ns

    Location             Delay type                Incr(ns)  Path(ns)    Netlist Resource(s)
  -------------------------------------------------------------------    -------------------
                         (clock clk rise edge)        0.000     0.000 r  
                                                      0.000     0.000 r  clk (IN)
                         net (fo=17155, unset)        0.012     0.012    clk
                         FDRE                                         r  load_idx_reg[2]/C
  -------------------------------------------------------------------    -------------------
                         FDRE (Prop_FDRE_C_Q)         0.039     0.051 r  load_idx_reg[2]/Q
                         net (fo=42, unplaced)        0.081     0.132    rx_mem_reg_r1_0_63_0_2/ADDRD2
                         RAMD64E                                      r  rx_mem_reg_r1_0_63_0_2/RAMA/WADR2
  -------------------------------------------------------------------    -------------------

                         (clock clk rise edge)        0.000     0.000 r  
                                                      0.000     0.000 r  clk (IN)
                         net (fo=17155, unset)        0.039     0.039    rx_mem_reg_r1_0_63_0_2/WCLK
                         RAMD64E                                      r  rx_mem_reg_r1_0_63_0_2/RAMA/CLK
                         clock pessimism              0.000     0.039    
                         RAMD64E (Hold_RAMD64E_CLK_WADR2)
                                                      0.062     0.101    rx_mem_reg_r1_0_63_0_2/RAMA
  -------------------------------------------------------------------
                         required time                         -0.101    
                         arrival time                           0.132    
  -------------------------------------------------------------------
                         slack                                  0.031    





Pulse Width Checks
--------------------------------------------------------------------------------------
Clock Name:         clk
Waveform(ns):       { 0.000 5.000 }
Period(ns):         10.000
Sources:            { clk }

Check Type        Corner  Lib Pin     Reference Pin  Required(ns)  Actual(ns)  Slack(ns)  Location  Pin
Min Period        n/a     RAMD32/CLK  n/a            1.064         10.000      8.936                decoded_mem_reg_0_15_0_0/DP/CLK
Low Pulse Width   Slow    RAMD32/CLK  n/a            0.532         5.000       4.468                decoded_mem_reg_0_15_0_0/DP/CLK
High Pulse Width  Slow    RAMD32/CLK  n/a            0.532         5.000       4.468                decoded_mem_reg_0_15_0_0/DP/CLK



