FSBL is running on RPU. 
Warning: APU-only restart is not supported if FSBL boots on RPU.
ZU4EV Viterbi bare-metal harness
stage=platform_init_begin
DMA buffers tx=0x00000000FFFCFD00 rx=0x00000000FFFCFEC0
stage=platform_init_done
stage=dma_init_begin
stage=dma_init_done
Console=COM9, arch_id=7
stage=no_noise:case_begin input_len=204 output_len=96 run_id=m2_no_noise
[no_noise] dma_state@after_start mm2s_cr=0x00010003 mm2s_sr=0x00000000 s2mm_cr=0x00010003 s2mm_sr=0x00000000
[no_noise] shell_state@after_start status=0x00000001 cycles=802 seen=204 emitted=96 svalid=204 sready=500
[no_noise] len=96 cycles=802 mismatches=0 status=0x00000001
stage=single_bit_error:case_begin input_len=204 output_len=96 run_id=m2_single_bit_error
[single_bit_error] dma_state@after_start mm2s_cr=0x00010003 mm2s_sr=0x00001000 s2mm_cr=0x00010003 s2mm_sr=0x00001000
[single_bit_error] shell_state@after_start status=0x00000001 cycles=855 seen=204 emitted=96 svalid=204 sready=553
[single_bit_error] len=96 cycles=855 mismatches=0 status=0x00000001
stage=soft_awgn_2db:case_begin input_len=204 output_len=96 run_id=m2_soft_awgn_2db
[soft_awgn_2db] dma_state@after_start mm2s_cr=0x00010003 mm2s_sr=0x00001000 s2mm_cr=0x00010003 s2mm_sr=0x00001000
[soft_awgn_2db] shell_state@after_start status=0x00000001 cycles=855 seen=204 emitted=96 svalid=204 sready=553
[soft_awgn_2db] len=96 cycles=855 mismatches=0 status=0x00000001
Completed 3 cases, failures=0
